"input_file","total_reads","good_count","reject_count","good_denoised","good_unaltered","start_time","end_time","time_elapsed"
"/home/cnuge/R/x86_64-pc-linux-gnu-library/4.1/debar/extdata/small_unittest.fastq",2,2,0,2,0,2024-01-12 07:20:45,2024-01-12 07:20:47,0.0294172247250875
